
> centurion-nextjs@0.1.0 build
> next build

Γû▓ Next.js 16.1.1 (Turbopack)
- Experiments (use with caution):
  ┬╖ serverActions

node.exe : ΓÜá The "middleware" file convention is 
deprecated. Please use "proxy" instead. Learn more: 
https://nextjs.org/docs/messages/middleware-to-proxy
At C:\Program Files\nodejs\npm.ps1:29 char:3
+   & $NODE_EXE $NPM_CLI_JS $args
+   ~~~~~~~~~~~~~~~~~~~~~~~~~~~~~
    + CategoryInfo          : NotSpecified: (ΓÜá The 
    "middle...leware-to-proxy:String) [], RemoteExc  
  eption
    + FullyQualifiedErrorId : NativeCommandError
 
  Creating an optimized production build ...
Turbopack build encountered 2 warnings:
./tailwind.config.ts:30:9
Module not found: Can't resolve '@tailwindcss/forms'
[0m [90m 28 |[39m     plugins[33m:[39m [
 [90m 29 |[39m         require([32m'@tailwindcss/t
ypography'[39m)[33m,[39m
[31m[1m>[22m[39m[90m 30 |[39m         
require([32m'@tailwindcss/forms'[39m)[33m,[39m
 [90m    |[39m         [31m[1m^[22m[39m[31m[1
m^[22m[39m[31m[1m^[22m[39m[31m[1m^[22m[39m
[31m[1m^[22m[39m[31m[1m^[22m[39m[31m[1m^[22
m[39m[31m[1m^[22m[39m[31m[1m^[22m[39m[31m[
1m^[22m[39m[31m[1m^[22m[39m[31m[1m^[22m[39m
[31m[1m^[22m[39m[31m[1m^[22m[39m[31m[1m^[2
2m[39m[31m[1m^[22m[39m[31m[1m^[22m[39m[31m
[1m^[22m[39m[31m[1m^[22m[39m[31m[1m^[22m[39
m[31m[1m^[22m[39m[31m[1m^[22m[39m[31m[1m^[
22m[39m[31m[1m^[22m[39m[31m[1m^[22m[39m[31m
[1m^[22m[39m[31m[1m^[22m[39m[31m[1m^[22m[3
9m[31m[1m^[22m[39m
 [90m 31 |[39m     ][33m,[39m
 [90m 32 |[39m }[33m;[39m
 [90m 33 |[39m [36mexport[39m [36mdefault[39m 
config[33m;[39m[0m



https://nextjs.org/docs/messages/module-not-found


./tailwind.config.ts:29:9
Module not found: Can't resolve 
'@tailwindcss/typography'
[0m [90m 27 |[39m     }[33m,[39m
 [90m 28 |[39m     plugins[33m:[39m [
[31m[1m>[22m[39m[90m 29 |[39m         require(
[32m'@tailwindcss/typography'[39m)[33m,[39m
 [90m    |[39m         [31m[1m^[22m[39m[31m[1
m^[22m[39m[31m[1m^[22m[39m[31m[1m^[22m[39m
[31m[1m^[22m[39m[31m[1m^[22m[39m[31m[1m^[22
m[39m[31m[1m^[22m[39m[31m[1m^[22m[39m[31m[
1m^[22m[39m[31m[1m^[22m[39m[31m[1m^[22m[39m
[31m[1m^[22m[39m[31m[1m^[22m[39m[31m[1m^[2
2m[39m[31m[1m^[22m[39m[31m[1m^[22m[39m[31m
[1m^[22m[39m[31m[1m^[22m[39m[31m[1m^[22m[39
m[31m[1m^[22m[39m[31m[1m^[22m[39m[31m[1m^[
22m[39m[31m[1m^[22m[39m[31m[1m^[22m[39m[31m
[1m^[22m[39m[31m[1m^[22m[39m[31m[1m^[22m[3
9m[31m[1m^[22m[39m[31m[1m^[22m[39m[31m[1m^
[22m[39m[31m[1m^[22m[39m[31m[1m^[22m[39m[31
m[1m^[22m[39m
 [90m 30 |[39m         
require([32m'@tailwindcss/forms'[39m)[33m,[39m
 [90m 31 |[39m     ][33m,[39m
 [90m 32 |[39m }[33m;[39m[0m



https://nextjs.org/docs/messages/module-not-found


Γ£ô Compiled successfully in 9.1s
  Running TypeScript ...
Failed to compile.

./src/app/all-products/page.tsx:256:11
Type error: Type 'FilterConfig[] | undefined' is not 
assignable to type 'FilterConfig[]'.
  Type 'undefined' is not assignable to type 
'FilterConfig[]'.

[0m [90m 254 |[39m           
products[33m=[39m{productsWithImages}
 [90m 255 |[39m           
recommendedProducts[33m=[39m{recommendedProducts}
[31m[1m>[22m[39m[90m 256 |[39m           
filterConfigs[33m=[39m{filterConfigs}
 [90m     |[39m           [31m[1m^[22m[39m
 [90m 257 |[39m         [33m/[39m[33m>[39m
 [90m 258 |[39m       
[33m<[39m[33m/[39m[33mdiv[39m[33m>[39m
 [90m 259 |[39m     
[33m<[39m[33m/[39m[33mdiv[39m[33m>[39m[0m
Next.js build worker exited with code: 1 and signal: 
null
